00:00 +0: loading E:/InvoBharat/test/about_tab_test.dart
00:00 +0: E:/InvoBharat/test/about_tab_test.dart: AboutTab displays correct content
00:01 +1: E:/InvoBharat/test/branding_test.dart: DashboardScreen displays App Logo and InvoBharat text
00:02 +2: E:/InvoBharat/test/branding_test.dart: DashboardScreen displays App Logo and InvoBharat text
00:02 +3: E:/InvoBharat/test/branding_test.dart: DashboardScreen displays App Logo and InvoBharat text
00:02 +4: E:/InvoBharat/test/branding_test.dart: DashboardScreen displays App Logo and InvoBharat text
00:02 +5: E:/InvoBharat/test/branding_test.dart: DashboardScreen displays App Logo and InvoBharat text
00:02 +6: E:/InvoBharat/test/branding_test.dart: DashboardScreen displays App Logo and InvoBharat text
00:02 +7: E:/InvoBharat/test/data/hsn_repository_test.dart: HsnRepository search should return results for valid code
00:02 +8: E:/InvoBharat/test/data/hsn_repository_test.dart: HsnRepository search should return results for valid description
00:03 +9: E:/InvoBharat/test/data/hsn_repository_test.dart: HsnRepository search should be case insensitive
00:03 +10: E:/InvoBharat/test/data/hsn_repository_test.dart: HsnRepository search should return empty for no match
00:03 +11: E:/InvoBharat/test/data/hsn_repository_test.dart: HsnRepository search should return empty for empty query
00:04 +12: E:/InvoBharat/test/data/sql_business_profile_repository_test.dart: SqlBusinessProfileRepository saveProfile should insert or update profile
00:05 +13: E:/InvoBharat/test/data/sql_business_profile_repository_test.dart: SqlBusinessProfileRepository getProfile should retrieve profile
00:05 +14: E:/InvoBharat/test/data/sql_business_profile_repository_test.dart: SqlBusinessProfileRepository deleteProfile should remove profile
00:06 +15: E:/InvoBharat/test/data/sql_client_repository_test.dart: SqlClientRepository saveClient and getClient
00:06 +16: E:/InvoBharat/test/data/sql_client_repository_test.dart: SqlClientRepository getAllClients
00:06 +17: E:/InvoBharat/test/data/sql_client_repository_test.dart: SqlClientRepository deleteClient
00:06 +18: E:/InvoBharat/test/data/sql_client_repository_test.dart: SqlClientRepository GSTR-1 Import gap detection should find missing numbers in simple sequence
00:07 +19: E:/InvoBharat/test/data/sql_invoice_repository_test.dart: SqlInvoiceRepository saveInvoice and getInvoice
00:07 +20: E:/InvoBharat/test/data/sql_invoice_repository_test.dart: SqlInvoiceRepository getAllInvoices
00:07 +21: E:/InvoBharat/test/data/sql_invoice_repository_test.dart: SqlInvoiceRepository deleteInvoice
flutter : lib/screens/windows/fluent_invoice_wizard.dart:1154:18: Error: Local variable 'context' can't be referenced 
before it is declared.
At line:1 char:1
+ flutter test > test_output.txt 2>&1
+ ~~~~~~~~~~~~~~~~~~~~~~~~~~~~~~~~~~~
    + CategoryInfo          : NotSpecified: (lib/screens/win...it is declared.:String) [], RemoteException
    + FullyQualifiedErrorId : NativeCommandError
 
        context: context,
                 ^^^^^^^
lib/screens/windows/fluent_invoice_wizard.dart:1171:13: Context: This is the declaration of the variable 'context'.
      final context = this.context;
            ^^^^^^^
00:07 +22: E:/InvoBharat/test/data/sql_repository_test.dart: SqlClientRepository save and get client
00:08 +23: E:/InvoBharat/test/data/sql_repository_test.dart: SqlClientRepository delete client
00:08 +24: E:/InvoBharat/test/data/sql_repository_test.dart: SqlBusinessProfileRepository save and get profile
00:08 +25: E:/InvoBharat/test/data/sql_repository_test.dart: SqlInvoiceRepository save and get invoice with items and payments
00:08 +25 -1: loading E:/InvoBharat/test/debug_test.dart [E]
  Failed to load "E:/InvoBharat/test/debug_test.dart":
  Compilation failed for testPath=E:/InvoBharat/test/debug_test.dart: lib/screens/windows/fluent_invoice_wizard.dart:1154:18: Error: Local variable 'context' can't be referenced before it is declared.
          context: context,
                   ^^^^^^^
  lib/screens/windows/fluent_invoice_wizard.dart:1171:13: Context: This is the declaration of the variable 'context'.
        final context = this.context;
              ^^^^^^^
  .
00:08 +26 -1: E:/InvoBharat/test/data/sql_repository_test.dart: SqlInvoiceRepository invoice sequence increment logic
00:08 +27 -1: E:/InvoBharat/test/data/sql_repository_test.dart: SqlInvoiceRepository delete invoice should cleanup items and payments
00:08 +28 -1: E:/InvoBharat/test/data/sql_repository_test.dart: SqlInvoiceRepository checkInvoiceExists functionality
00:12 +29 -1: E:/InvoBharat/test/gstr_service_test.dart: generateGstr1Csv produces correct CSV format
00:13 +30 -1: E:/InvoBharat/test/invoice_tax_test.dart: Invoice Tax Calculation Intra-state (same state) should calculate CGST + SGST
00:14 +31 -1: E:/InvoBharat/test/invoice_tax_test.dart: Invoice Tax Calculation Inter-state (different state) should calculate IGST
00:14 +32 -1: E:/InvoBharat/test/invoice_tax_test.dart: Invoice Tax Calculation Case insensitivity check
00:14 +33 -1: E:/InvoBharat/test/invoice_tax_test.dart: Invoice Tax Calculation Empty state check (defaults to false/Intra usually or handles gracefully)
00:15 +34 -1: E:/InvoBharat/test/mixins/estimate_form_mixin_test.dart: EstimateFormMixin should initialize and sync controllers
00:16 +35 -1: E:/InvoBharat/test/mixins/invoice_form_mixin_test.dart: InvoiceFormMixin should initialize and sync controllers
00:17 +36 -1: E:/InvoBharat/test/mixins/invoice_form_mixin_test.dart: calculateDueDate should work correctly
00:17 +37 -1: E:/InvoBharat/test/models/business_profile_test.dart: BusinessProfile should create a BusinessProfile with required fields
00:17 +38 -1: E:/InvoBharat/test/models/business_profile_test.dart: BusinessProfile defaults() should return a profile with default values
00:17 +39 -1: E:/InvoBharat/test/models/business_profile_test.dart: BusinessProfile toJson() should return a valid map
00:17 +40 -1: E:/InvoBharat/test/models/business_profile_test.dart: BusinessProfile fromJson() should create a profile from a valid map
00:17 +41 -1: E:/InvoBharat/test/models/business_profile_test.dart: BusinessProfile fromJson() should use default values for missing fields
00:17 +42 -1: E:/InvoBharat/test/models/business_profile_test.dart: BusinessProfile copyWith() should return a new instance with updated fields
00:18 +43 -1: E:/InvoBharat/test/models/client_test.dart: Client should create a Client with required fields
00:18 +44 -1: E:/InvoBharat/test/models/client_test.dart: Client toJson() should return a valid map
00:18 +45 -1: E:/InvoBharat/test/models/client_test.dart: Client fromJson() should create a client from a valid map
00:18 +46 -1: E:/InvoBharat/test/models/client_test.dart: Client copyWith() should return a new instance with updated fields
00:19 +47 -1: E:/InvoBharat/test/models/invoice_test.dart: Supplier & Receiver Supplier fromJson/toJson
00:19 +48 -1: E:/InvoBharat/test/models/invoice_test.dart: Supplier & Receiver Receiver fromJson/toJson
00:19 +49 -1: E:/InvoBharat/test/models/invoice_test.dart: InvoiceItem netAmount calculation
00:19 +50 -1: E:/InvoBharat/test/models/invoice_test.dart: InvoiceItem tax calculations for intra-state
00:19 +51 -1: E:/InvoBharat/test/models/invoice_test.dart: InvoiceItem tax calculations for inter-state
00:19 +52 -1: E:/InvoBharat/test/models/invoice_test.dart: InvoiceItem totalAmount calculation
00:19 +53 -1: E:/InvoBharat/test/models/invoice_test.dart: Invoice isInterState detection
00:19 +54 -1: E:/InvoBharat/test/models/invoice_test.dart: Invoice grandTotal calculation for intra-state
00:19 +55 -1: E:/InvoBharat/test/models/invoice_test.dart: Invoice grandTotal calculation for inter-state
00:19 +56 -1: E:/InvoBharat/test/models/invoice_test.dart: Invoice paymentStatus and balanceDue
00:20 +57 -1: E:/InvoBharat/test/models/payment_status_test.dart: Invoice Payment Status Status is Unpaid when no payments made
00:20 +58 -1: E:/InvoBharat/test/models/payment_status_test.dart: Invoice Payment Status Status is Partial when partially paid
00:20 +59 -1: E:/InvoBharat/test/models/payment_status_test.dart: Invoice Payment Status Status is Paid when fully paid
00:20 +60 -1: E:/InvoBharat/test/models/payment_status_test.dart: Invoice Payment Status Status is Paid even with slight overpayment (tolerance)
00:20 +61 -1: E:/InvoBharat/test/models/payment_status_test.dart: Invoice Payment Status Status is Overdue when overdue and unpaid
00:20 +62 -1: E:/InvoBharat/test/models/payment_status_test.dart: Invoice Payment Status Status is Overdue when overdue and partially paid
00:22 +63 -1: E:/InvoBharat/test/pdf_generator_test.dart: generateInvoicePdf generates valid PDF for all templates
Shell: Helvetica-Oblique has no Unicode support see https://github.com/DavBfr/dart_pdf/wiki/Fonts-Management
Shell: Helvetica-Oblique has no Unicode support see https://github.com/DavBfr/dart_pdf/wiki/Fonts-Management
Shell: Helvetica-Oblique has no Unicode support see https://github.com/DavBfr/dart_pdf/wiki/Fonts-Management
00:23 +64 -1: E:/InvoBharat/test/providers/business_profile_provider_test.dart: (setUpAll)
00:23 +64 -1: E:/InvoBharat/test/providers/business_profile_provider_test.dart: BusinessProfile Providers BusinessProfileListNotifier should load profiles from repository
00:23 +65 -1: E:/InvoBharat/test/providers/business_profile_provider_test.dart: BusinessProfile Providers ActiveProfileIdNotifier should load and select active ID
00:24 +66 -1: E:/InvoBharat/test/providers/business_profile_provider_test.dart: BusinessProfile Providers BusinessProfileNotifierProxy should increment sequence
00:24 +67 -1: E:/InvoBharat/test/providers/client_form_provider_test.dart: ClientFormNotifier initial state should be empty
00:24 +68 -1: E:/InvoBharat/test/providers/client_form_provider_test.dart: ClientFormNotifier updateName should update state
00:24 +69 -1: E:/InvoBharat/test/providers/client_form_provider_test.dart: ClientFormNotifier loadClient should populate form
00:24 +70 -1: E:/InvoBharat/test/providers/client_form_provider_test.dart: ClientFormNotifier save should show error if name is empty
00:24 +71 -1: E:/InvoBharat/test/providers/client_form_provider_test.dart: ClientFormNotifier save should call addClient for new client
00:25 +72 -1: E:/InvoBharat/test/providers/client_provider_test.dart: (setUpAll)
00:25 +72 -1: E:/InvoBharat/test/providers/client_provider_test.dart: ClientListNotifier initial state should load clients from repository
00:25 +73 -1: E:/InvoBharat/test/providers/client_provider_test.dart: ClientListNotifier addClient should save to repository and reload
00:25 +74 -1: E:/InvoBharat/test/providers/client_provider_test.dart: ClientListNotifier deleteClient should remove from repository and reload
00:25 +75 -1: E:/InvoBharat/test/providers/client_provider_test.dart: (tearDownAll)
00:26 +75 -1: E:/InvoBharat/test/providers/estimate_provider_test.dart: (setUpAll)
00:26 +75 -1: E:/InvoBharat/test/providers/estimate_provider_test.dart: EstimateProvider initial state should be empty
00:26 +76 -1: E:/InvoBharat/test/providers/estimate_provider_test.dart: EstimateProvider addEstimate should update state
00:26 +77 -1: E:/InvoBharat/test/providers/estimate_provider_test.dart: EstimateProvider deleteEstimate should remove from state
00:26 +78 -1: E:/InvoBharat/test/providers/estimate_provider_test.dart: (tearDownAll)
00:27 +78 -1: E:/InvoBharat/test/providers/invoice_provider_test.dart: InvoiceNotifier initial state should be populated from businessProfileProvider
00:27 +79 -1: E:/InvoBharat/test/providers/invoice_provider_test.dart: InvoiceNotifier updateDate should update the invoice date
00:27 +80 -1: E:/InvoBharat/test/providers/invoice_provider_test.dart: InvoiceNotifier updateReceiverGstin should auto-populate receiver state
00:27 +81 -1: E:/InvoBharat/test/providers/invoice_provider_test.dart: InvoiceNotifier addItem and removeItem should manage items list
00:27 +82 -1: E:/InvoBharat/test/providers/invoice_provider_test.dart: InvoiceNotifier updateItemAmount should update specific item price
00:27 +83 -1: E:/InvoBharat/test/providers/invoice_provider_test.dart: InvoiceNotifier reset should restore defaults from profile
00:28 +84 -1: E:/InvoBharat/test/providers/recurring_provider_test.dart: (setUpAll)
00:28 +84 -1: E:/InvoBharat/test/providers/recurring_provider_test.dart: RecurringProvider initial state should be empty
lib/screens/windows/fluent_invoice_wizard.dart:1154:18: Error: Local variable 'context' can't be referenced before it 
is declared.
        context: context,
                 ^^^^^^^
lib/screens/windows/fluent_invoice_wizard.dart:1171:13: Context: This is the declaration of the variable 'context'.
      final context = this.context;
            ^^^^^^^
00:29 +85 -1: E:/InvoBharat/test/providers/recurring_provider_test.dart: RecurringProvider addProfile should update state
00:29 +86 -1: E:/InvoBharat/test/providers/recurring_provider_test.dart: (tearDownAll)
00:29 +86 -2: loading E:/InvoBharat/test/screens/fluent_invoice_wizard_test.dart [E]
  Failed to load "E:/InvoBharat/test/screens/fluent_invoice_wizard_test.dart":
  Compilation failed for testPath=E:/InvoBharat/test/screens/fluent_invoice_wizard_test.dart: lib/screens/windows/fluent_invoice_wizard.dart:1154:18: Error: Local variable 'context' can't be referenced before it is declared.
          context: context,
                   ^^^^^^^
  lib/screens/windows/fluent_invoice_wizard.dart:1171:13: Context: This is the declaration of the variable 'context'.
        final context = this.context;
              ^^^^^^^
  .
00:29 +86 -2: E:/InvoBharat/test/providers/recurring_service_test.dart: RecurringService Date Calculation Daily interval adds 1 day
00:29 +87 -2: E:/InvoBharat/test/providers/recurring_service_test.dart: RecurringService Date Calculation Weekly interval adds 7 days
00:29 +88 -2: E:/InvoBharat/test/providers/recurring_service_test.dart: RecurringService Date Calculation Monthly interval adds 1 month
00:29 +89 -2: E:/InvoBharat/test/providers/recurring_service_test.dart: RecurringService Date Calculation Monthly interval normal case
00:29 +90 -2: E:/InvoBharat/test/providers/recurring_service_test.dart: RecurringService Date Calculation Yearly interval adds 1 year
00:34 +91 -2: E:/InvoBharat/test/screens/invoice_form_test.dart: InvoiceFormScreen should render
00:35 +92 -2: E:/InvoBharat/test/screens/invoice_form_test.dart: InvoiceFormScreen should render
00:35 +93 -2: E:/InvoBharat/test/screens/invoice_form_test.dart: InvoiceFormScreen should render
00:35 +94 -2: E:/InvoBharat/test/screens/invoice_form_test.dart: InvoiceFormScreen should render
00:36 +95 -2: E:/InvoBharat/test/services/backup_service_test.dart: (setUpAll)
00:36 +95 -2: E:/InvoBharat/test/services/backup_service_test.dart: BackupService exportData should generate CSV and save to file
00:36 +96 -2: E:/InvoBharat/test/services/backup_service_test.dart: BackupService exportData should return cancelled if file picker returns null
00:36 +97 -2: E:/InvoBharat/test/services/backup_service_test.dart: (tearDownAll)
00:36 +97 -2: E:/InvoBharat/test/services/csv_export_service_test.dart: CsvExportService generateInvoiceCsv should create valid header and rows
00:37 +98 -2: E:/InvoBharat/test/services/csv_export_service_test.dart: CsvExportService parseInvoiceCsv should reconstruct invoice correctly
00:37 +99 -2: E:/InvoBharat/test/services/csv_export_service_test.dart: CsvExportService escaping logic in CSV
00:37 +100 -2: E:/InvoBharat/test/services/csv_export_service_test.dart: CsvExportService restore multiple items same invoice
00:39 +101 -2: E:/InvoBharat/test/services/email_service_test.dart: (setUpAll)
00:39 +101 -2: E:/InvoBharat/test/services/email_service_test.dart: EmailService sendInvoiceEmail calls the sendFunction with correct message
00:39 +102 -2: E:/InvoBharat/test/services/email_service_test.dart: (tearDownAll)
00:40 +102 -2: E:/InvoBharat/test/services/update_service_test.dart: UpdateService checkForUpdates returns correct stable and beta releases
00:40 +103 -2: E:/InvoBharat/test/services/update_service_test.dart: UpdateService checkForUpdates handles empty results
00:40 +104 -2: E:/InvoBharat/test/services/update_service_test.dart: UpdateService checkForUpdates handles errors gracefully
Error checking for updates: Exception: Failed to load releases: 500
00:40 +105 -2: E:/InvoBharat/test/services/update_service_test.dart: UpdateService checkForUpdates handles exception gracefully
Error checking for updates: Exception: Network error
00:41 +106 -2: E:/InvoBharat/test/utils/gst_helper_test.dart: GstUtils tests getStateName should return correct state name for valid prefixes
00:41 +107 -2: E:/InvoBharat/test/utils/gst_helper_test.dart: GstUtils tests getStateName should return null for short or invalid prefixes
00:41 +108 -2: E:/InvoBharat/test/utils/gst_helper_test.dart: GstUtils tests isValidGstin should correctly validate GSTIN formats
00:42 +109 -2: E:/InvoBharat/test/utils/gst_utils_test.dart: GstUtils isValidGstin should correctly validate GSTIN formats
00:42 +110 -2: E:/InvoBharat/test/utils/gst_utils_test.dart: GstUtils getStateCode should return state code from valid GSTIN
00:42 +111 -2: E:/InvoBharat/test/utils/gst_utils_test.dart: GstUtils getPan should return PAN from valid GSTIN
00:42 +112 -2: E:/InvoBharat/test/utils/gst_utils_test.dart: GstUtils getStateName should return correct state name
00:42 +113 -2: E:/InvoBharat/test/utils/gst_utils_test.dart: GstUtils validate should return detailed result
00:43 +114 -2: E:/InvoBharat/test/utils/number_to_words_test.dart: numberToWords numberToWords should convert small numbers correctly
00:43 +115 -2: E:/InvoBharat/test/utils/number_to_words_test.dart: numberToWords numberToWords should convert thousands correctly
00:43 +116 -2: E:/InvoBharat/test/utils/number_to_words_test.dart: numberToWords numberToWords should convert lakhs correctly
00:43 +117 -2: E:/InvoBharat/test/utils/number_to_words_test.dart: numberToWords numberToWords should convert crores correctly
00:43 +118 -2: E:/InvoBharat/test/utils/number_to_words_test.dart: numberToWords numberToWords should handle decimals correctly
00:44 +119 -2: E:/InvoBharat/test/utils/security_utils_test.dart: SecurityUtils sanitizeFilename should remove illegal characters
00:44 +120 -2: E:/InvoBharat/test/utils/security_utils_test.dart: SecurityUtils isValidPath should detect path traversal
00:44 +121 -2: E:/InvoBharat/test/utils/security_utils_test.dart: SecurityUtils safeResolve should resolve paths within expected dir
00:45 +122 -2: E:/InvoBharat/test/utils/validators_test.dart: Validators required should return message if value is null or empty
00:45 +123 -2: E:/InvoBharat/test/utils/validators_test.dart: Validators email should validate email formats correctly
00:45 +124 -2: E:/InvoBharat/test/utils/validators_test.dart: Validators phone should validate minimum length
00:45 +125 -2: E:/InvoBharat/test/utils/validators_test.dart: Validators gstin should validate GSTIN formats correctly
00:45 +126 -2: E:/InvoBharat/test/utils/validators_test.dart: Validators doubleValue should validate numeric inputs
00:45 +127 -2: E:/InvoBharat/test/utils/validators_test.dart: Validators pan should validate PAN formats correctly
00:45 +128 -2: E:/InvoBharat/test/utils/validators_test.dart: Validators aadhaar should validate correctly
00:46 +129 -2: E:/InvoBharat/test/widgets/dashboard_test.dart: (setUpAll)
00:46 +129 -2: E:/InvoBharat/test/widgets/dashboard_test.dart: DashboardScreen Tests renders welcome message and stats
lib/screens/windows/fluent_invoice_wizard.dart:1154:18: Error: Local variable 'context' can't be referenced before it 
is declared.
        context: context,
                 ^^^^^^^
lib/screens/windows/fluent_invoice_wizard.dart:1171:13: Context: This is the declaration of the variable 'context'.
      final context = this.context;
            ^^^^^^^
00:48 +130 -2: E:/InvoBharat/test/widgets/invoice_form_test.dart: InvoiceFormScreen renders core components
00:48 +130 -3: loading E:/InvoBharat/test/widget_test.dart [E]
  Failed to load "E:/InvoBharat/test/widget_test.dart":
  Compilation failed for testPath=E:/InvoBharat/test/widget_test.dart: lib/screens/windows/fluent_invoice_wizard.dart:1154:18: Error: Local variable 'context' can't be referenced before it is declared.
          context: context,
                   ^^^^^^^
  lib/screens/windows/fluent_invoice_wizard.dart:1171:13: Context: This is the declaration of the variable 'context'.
        final context = this.context;
              ^^^^^^^
  .
00:48 +131 -3: E:/InvoBharat/test/widgets/invoice_form_test.dart: InvoiceFormScreen renders core components
00:50 +132 -3: E:/InvoBharat/test/widgets/settings_test.dart: SettingsScreen Tests renders all tabs
00:50 +133 -3: E:/InvoBharat/test/widgets/invoice_form_test.dart: Selecting a client updates the form
00:51 +134 -3: E:/InvoBharat/test/widgets/invoice_form_test.dart: Selecting a client updates the form
00:52 +135 -3: E:/InvoBharat/test/widgets/settings_test.dart: SettingsScreen Tests updates general text fields
00:52 +136 -3: E:/InvoBharat/test/widgets/invoice_form_test.dart: Adding and removing items
00:53 +137 -3: E:/InvoBharat/test/widgets/settings_test.dart: SettingsScreen Tests theme selection works
00:53 +138 -3: E:/InvoBharat/test/widgets/settings_test.dart: (tearDownAll)
00:53 +138 -3: Some tests failed.
